[Warning] Template validation found issues in your templates (reported as warnings).
Set feature flag "@aws-cdk/core:validateAgainstDefaultRules" to true to turn these into errors.
current credentials could not be used to assume 'arn:aws:iam::316394832999:role/cdk-hnb659fds-lookup-role-316394832999-us-west-2', but are for the right account. Proceeding anyway.
[Warning] Template validation found issues in your templates (reported as warnings).
Set feature flag "@aws-cdk/core:validateAgainstDefaultRules" to true to turn these into errors.
ERROR Could not find any VPCs matching {"account":"316394832999","region":"us-west-2","filter":{"vpc-id":"vpc-02767cb7b8b634d54"},"returnAsymmetricSubnets":true,"lookupRoleArn":"arn:aws:iam::316394832999:role/cdk-hnb659fds-lookup-role-316394832999-us-west-2"} (Construct Annotations)
   HarnessBuildFarm
   Rule Construct-Annotations::error-annotation

...new Cluster2 in aws-cdk-lib...:
WARNING VpcId: 'vpc-12345' does not match format 'AWS::EC2::VPC.Id' (CloudFormation Validate)
   HarnessBuildFarm/Cluster/ControlPlaneSecurityGroup/Resource (ClusterControlPlaneSecurityGroupD274242C) aws-cdk-lib.aws_ec2.CfnSecurityGroup
   Acknowledge with 'CloudFormation-Validate::E1151'

...new Cluster2 in aws-cdk-lib...:
WARNING Subnets.0: 'p-12345' does not match format 'AWS::EC2::Subnet.Id' (CloudFormation Validate)
   HarnessBuildFarm/Cluster/NodegroupDefaultCapacity/Resource (ClusterNodegroupDefaultCapacityDA0920A3) aws-cdk-lib.aws_eks.CfnNodegroup
   Acknowledge with 'CloudFormation-Validate::E1154'

...new Cluster2 in aws-cdk-lib...:
WARNING Subnets.0: 'p-12345' does not match format 'AWS::EC2::Subnet.Id' (CloudFormation Validate)
   HarnessBuildFarm/Cluster/NodegroupDefaultCapacity/Resource (ClusterNodegroupDefaultCapacityDA0920A3) aws-cdk-lib.aws_eks.CfnNodegroup
   Acknowledge with 'CloudFormation-Validate::E1154'

WARNING Could not auto-tag private subnet p-12345 with "kubernetes.io/role/internal-elb=1", please remember to do this manually (Construct Annotations)
   HarnessBuildFarm/Cluster
   Acknowledge with 'Construct-Annotations::@aws-cdk/aws-eks:clusterMustManuallyTagSubnet'

WARNING Could not auto-tag private subnet p-67890 with "kubernetes.io/role/internal-elb=1", please remember to do this manually (Construct Annotations)
   HarnessBuildFarm/Cluster
   Acknowledge with 'Construct-Annotations::@aws-cdk/aws-eks:clusterMustManuallyTagSubnet'

WARNING Could not auto-tag public subnet s-12345 with "kubernetes.io/role/elb=1", please remember to do this manually (Construct Annotations)
   HarnessBuildFarm/Cluster
   Acknowledge with 'Construct-Annotations::@aws-cdk/aws-eks:clusterMustManuallyTagSubnet'

WARNING Could not auto-tag public subnet s-67890 with "kubernetes.io/role/elb=1", please remember to do this manually (Construct Annotations)
   HarnessBuildFarm/Cluster
   Acknowledge with 'Construct-Annotations::@aws-cdk/aws-eks:clusterMustManuallyTagSubnet'
Synthesis finished with errors
